 ~/Documents/GIT_past/DIO (master)
$ git clone https://github.com/Vladi4na/Reposit-rio_GitGithub_desafioDIO.git
Cloning into 'Reposit-rio_GitGithub_desafioDIO'...
remote: Enumerating objects: 10, done.
remote: Counting objects: 100% (10/10), done.
remote: Compressing objects: 100% (7/7), done.
remote: Total 10 (delta 1), reused 0 (delta 0), pack-reused 0
Receiving objects: 100% (10/10), done.
Resolving deltas: 100% (1/1), done.

 ~/Documents/GIT_past/DIO (master)
$ cd Reposit-rio_GitGithub_desafioDIO//

 ~/Documents/GIT_past/DIO/Reposit-rio_GitGithub_desafioDIO (main)
$ git status
On branch main
Your branch is up to date with 'origin/main'.

nothing to commit, working tree clean

 ~/Documents/GIT_past/DIO/Reposit-rio_GitGithub_desafioDIO (main)
$ git status
On branch main
Your branch is up to date with 'origin/main'.

Untracked files:
  (use "git add <file>..." to include in what will be committed)
        "anota\303\247\303\265es de GIt/"

nothing added to commit but untracked files present (use "git add" to track)

 ~/Documents/GIT_past/DIO/Reposit-rio_GitGithub_desafioDIO (main)
$ git add .

 ~/Documents/GIT_past/DIO/Reposit-rio_GitGithub_desafioDIO (main)
$ git status
On branch main
Your branch is up to date with 'origin/main'.

Changes to be committed:
  (use "git restore --staged <file>..." to unstage)
        new file:   "anota\303\247\303\265es de GIt/intro.txt"

 ~/Documents/GIT_past/DIO/Reposit-rio_GitGithub_desafioDIO (main)
$ git status
On branch main
Your branch is up to date with 'origin/main'.

Changes to be committed:
  (use "git restore --staged <file>..." to unstage)
        new file:   "anota\303\247\303\265es de GIt/intro.txt"


 ~/Documents/GIT_past/DIO/Reposit-rio_GitGithub_desafioDIO (main)
$ git commit -m "inclusão de anotações de Git/Github"
[main befdd70] inclusão de anotações de Git/Github
 1 file changed, 3 insertions(+)
 create mode 100644 "anota\303\247\303\265es de GIt/intro.txt"

 ~/Documents/GIT_past/DIO/Reposit-rio_GitGithub_desafioDIO (main)
$ git status
On branch main
Your branch is ahead of 'origin/main' by 1 commit.
  (use "git push" to publish your local commits)

nothing to commit, working tree clean

 ~/Documents/GIT_past/DIO/Reposit-rio_GitGithub_desafioDIO (main)
$ git push origin main
Enumerating objects: 5, done.
Counting objects: 100% (5/5), done.
Delta compression using up to 8 threads
Compressing objects: 100% (3/3), done.
Writing objects: 100% (4/4), 486 bytes | 243.00 KiB/s, done.
Total 4 (delta 0), reused 0 (delta 0), pack-reused 0
To https://github.com/Vladi4na/Reposit-rio_GitGithub_desafioDIO.git
   28d4034..befdd70  main -> main
